------------------------------------------------------------
TimeQuest Timing Analyzer Summary
------------------------------------------------------------

Type  : Slow 1100mV 85C Model Setup 'CLOCK_50'
Slack : -5.899
TNS   : -118.261

Type  : Slow 1100mV 85C Model Setup 'clock_divider:comb_3|clk_ms'
Slack : -1.998
TNS   : -34.283

Type  : Slow 1100mV 85C Model Hold 'clock_divider:comb_3|clk_ms'
Slack : 0.277
TNS   : 0.000

Type  : Slow 1100mV 85C Model Hold 'CLOCK_50'
Slack : 0.454
TNS   : 0.000

Type  : Slow 1100mV 85C Model Minimum Pulse Width 'CLOCK_50'
Slack : -0.420
TNS   : -22.609

Type  : Slow 1100mV 85C Model Minimum Pulse Width 'clock_divider:comb_3|clk_ms'
Slack : -0.394
TNS   : -11.761

Type  : Slow 1100mV 0C Model Setup 'CLOCK_50'
Slack : -6.029
TNS   : -117.046

Type  : Slow 1100mV 0C Model Setup 'clock_divider:comb_3|clk_ms'
Slack : -2.078
TNS   : -35.186

Type  : Slow 1100mV 0C Model Hold 'clock_divider:comb_3|clk_ms'
Slack : 0.278
TNS   : 0.000

Type  : Slow 1100mV 0C Model Hold 'CLOCK_50'
Slack : 0.455
TNS   : 0.000

Type  : Slow 1100mV 0C Model Minimum Pulse Width 'CLOCK_50'
Slack : -0.475
TNS   : -24.378

Type  : Slow 1100mV 0C Model Minimum Pulse Width 'clock_divider:comb_3|clk_ms'
Slack : -0.394
TNS   : -11.849

Type  : Fast 1100mV 85C Model Setup 'CLOCK_50'
Slack : -3.758
TNS   : -53.606

Type  : Fast 1100mV 85C Model Setup 'clock_divider:comb_3|clk_ms'
Slack : -0.763
TNS   : -12.459

Type  : Fast 1100mV 85C Model Hold 'clock_divider:comb_3|clk_ms'
Slack : 0.095
TNS   : 0.000

Type  : Fast 1100mV 85C Model Hold 'CLOCK_50'
Slack : 0.249
TNS   : 0.000

Type  : Fast 1100mV 85C Model Minimum Pulse Width 'CLOCK_50'
Slack : -0.495
TNS   : -4.288

Type  : Fast 1100mV 85C Model Minimum Pulse Width 'clock_divider:comb_3|clk_ms'
Slack : 0.045
TNS   : 0.000

Type  : Fast 1100mV 0C Model Setup 'CLOCK_50'
Slack : -3.234
TNS   : -46.626

Type  : Fast 1100mV 0C Model Setup 'clock_divider:comb_3|clk_ms'
Slack : -0.721
TNS   : -11.441

Type  : Fast 1100mV 0C Model Hold 'clock_divider:comb_3|clk_ms'
Slack : 0.081
TNS   : 0.000

Type  : Fast 1100mV 0C Model Hold 'CLOCK_50'
Slack : 0.237
TNS   : 0.000

Type  : Fast 1100mV 0C Model Minimum Pulse Width 'CLOCK_50'
Slack : -0.510
TNS   : -4.233

Type  : Fast 1100mV 0C Model Minimum Pulse Width 'clock_divider:comb_3|clk_ms'
Slack : 0.065
TNS   : 0.000

------------------------------------------------------------
